[html.awaikenthemes.com/fitwell/index.html]
[backblue.gif]
[fade.gif]
[index.html]
[html.awaikenthemes.com/fitwell/images/favicon.png]
[fonts.googleapis.com/index.html]
[html.awaikenthemes.com/fitwell/css/bootstrap.min.css]
[html.awaikenthemes.com/fitwell/css/slicknav.min.css]
[html.awaikenthemes.com/fitwell/css/swiper-bundle.min.css]
[html.awaikenthemes.com/fitwell/css/all.min.css]
[html.awaikenthemes.com/fitwell/css/animate.css]
[html.awaikenthemes.com/fitwell/css/magnific-popup.css]
[html.awaikenthemes.com/fitwell/css/mousecursor.css]
[html.awaikenthemes.com/fitwell/css/custom.css]
[html.awaikenthemes.com/fitwell/images/loader.svg]
[html.awaikenthemes.com/fitwell/images/logo.svg]
[html.awaikenthemes.com/fitwell/index-2.html]
[html.awaikenthemes.com/fitwell/index-image.html]
[html.awaikenthemes.com/fitwell/index-video.html]
[html.awaikenthemes.com/fitwell/index-slider.html]
[html.awaikenthemes.com/fitwell/about.html]
[html.awaikenthemes.com/fitwell/services.html]
[html.awaikenthemes.com/fitwell/blog.html]
[html.awaikenthemes.com/fitwell/service-single.html]
[html.awaikenthemes.com/fitwell/blog-single.html]
[html.awaikenthemes.com/fitwell/projects.html]
[html.awaikenthemes.com/fitwell/project-single.html]
[html.awaikenthemes.com/fitwell/team.html]
[html.awaikenthemes.com/fitwell/team-single.html]
[html.awaikenthemes.com/fitwell/pricing.html]
[html.awaikenthemes.com/fitwell/testimonials.html]
[html.awaikenthemes.com/fitwell/image-gallery.html]
[html.awaikenthemes.com/fitwell/video-gallery.html]
[html.awaikenthemes.com/fitwell/faqs.html]
[html.awaikenthemes.com/fitwell/404.html]
[html.awaikenthemes.com/fitwell/contact.html]
[html.awaikenthemes.com/fitwell/images/hero-img.png]
[html.awaikenthemes.com/fitwell/images/expertise-circle.svg]
[html.awaikenthemes.com/fitwell/images/star-icon.svg]
[html.awaikenthemes.com/fitwell/images/about-img-1.jpg]
[html.awaikenthemes.com/fitwell/images/about-img-2.jpg]
[html.awaikenthemes.com/fitwell/images/about-img-3.jpg]
[html.awaikenthemes.com/fitwell/images/service-1.jpg]
[html.awaikenthemes.com/fitwell/images/service-2.jpg]
[html.awaikenthemes.com/fitwell/images/service-3.jpg]
[html.awaikenthemes.com/fitwell/images/service-4.jpg]
[html.awaikenthemes.com/fitwell/images/why-choose-image-1.jpg]
[html.awaikenthemes.com/fitwell/images/why-choose-image-2.jpg]
[html.awaikenthemes.com/fitwell/images/why-choose-image-3.jpg]
[html.awaikenthemes.com/fitwell/images/why-choose-image-4.jpg]
[html.awaikenthemes.com/fitwell/images/contact-us-circle.svg]
[html.awaikenthemes.com/fitwell/images/icon-pricing-benefit-1.svg]
[html.awaikenthemes.com/fitwell/images/icon-pricing-benefit-2.svg]
[html.awaikenthemes.com/fitwell/images/icon-pricing-benefit-3.svg]
[html.awaikenthemes.com/fitwell/images/team-1.jpg]
[html.awaikenthemes.com/fitwell/images/team-2.jpg]
[html.awaikenthemes.com/fitwell/images/team-3.jpg]
[html.awaikenthemes.com/fitwell/images/team-4.jpg]
[html.awaikenthemes.com/fitwell/images/faq-img-1.jpg]
[html.awaikenthemes.com/fitwell/images/faq-img-2.jpg]
[html.awaikenthemes.com/fitwell/images/author-1.jpg]
[html.awaikenthemes.com/fitwell/images/author-2.jpg]
[html.awaikenthemes.com/fitwell/images/post-1.jpg]
[html.awaikenthemes.com/fitwell/images/post-2.jpg]
[html.awaikenthemes.com/fitwell/images/post-3.jpg]
[html.awaikenthemes.com/fitwell/images/post-4.jpg]
[html.awaikenthemes.com/fitwell/images/cta-box-image.png]
[html.awaikenthemes.com/fitwell/images/arrow-black.svg]
[html.awaikenthemes.com/fitwell/images/icon-phone.svg]
[html.awaikenthemes.com/fitwell/images/icon-mail.svg]
[html.awaikenthemes.com/fitwell/js/jquery-3.7.1.min.js]
[html.awaikenthemes.com/fitwell/js/bootstrap.min.js]
[html.awaikenthemes.com/fitwell/js/validator.min.js]
[html.awaikenthemes.com/fitwell/js/jquery.slicknav.js]
[html.awaikenthemes.com/fitwell/js/swiper-bundle.min.js]
[html.awaikenthemes.com/fitwell/js/jquery.waypoints.min.js]
[html.awaikenthemes.com/fitwell/js/jquery.counterup.min.js]
[html.awaikenthemes.com/fitwell/js/jquery.magnific-popup.min.js]
[html.awaikenthemes.com/fitwell/js/SmoothScroll.js]
[html.awaikenthemes.com/fitwell/js/parallaxie.js]
[html.awaikenthemes.com/fitwell/js/gsap.min.js]
[html.awaikenthemes.com/fitwell/js/magiccursor.js]
[html.awaikenthemes.com/fitwell/js/SplitText.js]
[html.awaikenthemes.com/fitwell/js/ScrollTrigger.min.js]
[html.awaikenthemes.com/fitwell/js/jquery.mb.YTPlayer.min.js]
[html.awaikenthemes.com/fitwell/js/wow.min.js]
[html.awaikenthemes.com/fitwell/js/function.js]
[html.awaikenthemes.com/fitwell/index.html]
[demo.awaikenthemes.com/assets/js/theme-panel.js]
[fonts.googleapis.com/index.html]
[fonts.gstatic.com/index.html]
[fonts.gstatic.com/s/rajdhani/v16/LDI2apCSOBg7S-QT7pasEcOs.ttf]
[fonts.gstatic.com/s/rajdhani/v16/LDIxapCSOBg7S-QT7q4A.ttf]
[fonts.gstatic.com/s/rajdhani/v16/LDI2apCSOBg7S-QT7pb0EMOs.ttf]
[fonts.gstatic.com/s/rajdhani/v16/LDI2apCSOBg7S-QT7pbYF8Os.ttf]
[fonts.gstatic.com/s/rajdhani/v16/LDI2apCSOBg7S-QT7pa8FsOs.ttf]
[fonts.gstatic.com/s/rubik/v30/iJWbBXyIfDnIV7nEt3KSJbVDV49rz8sDE0Uw.ttf]
[fonts.gstatic.com/s/rubik/v30/iJWbBXyIfDnIV7nEt3KSJbVDV49rz8tdE0Uw.ttf]
[fonts.gstatic.com/s/rubik/v30/iJWbBXyIfDnIV7nEt3KSJbVDV49rz8tvE0Uw.ttf]
[fonts.gstatic.com/s/rubik/v30/iJWbBXyIfDnIV7nEt3KSJbVDV49rz8uDFEUw.ttf]
[fonts.gstatic.com/s/rubik/v30/iJWbBXyIfDnIV7nEt3KSJbVDV49rz8u6FEUw.ttf]
[fonts.gstatic.com/s/rubik/v30/iJWbBXyIfDnIV7nEt3KSJbVDV49rz8vdFEUw.ttf]
[fonts.gstatic.com/s/rubik/v30/iJWbBXyIfDnIV7nEt3KSJbVDV49rz8v0FEUw.ttf]
[fonts.gstatic.com/s/rubik/v30/iJWZBXyIfDnIV5PNhY1KTN7Z-Yh-WYi1UA.ttf]
[fonts.gstatic.com/s/rubik/v30/iJWZBXyIfDnIV5PNhY1KTN7Z-Yh-B4i1UA.ttf]
[fonts.gstatic.com/s/rubik/v30/iJWZBXyIfDnIV5PNhY1KTN7Z-Yh-NYi1UA.ttf]
[fonts.gstatic.com/s/rubik/v30/iJWZBXyIfDnIV5PNhY1KTN7Z-Yh-2Y-1UA.ttf]
[fonts.gstatic.com/s/rubik/v30/iJWZBXyIfDnIV5PNhY1KTN7Z-Yh-4I-1UA.ttf]
[fonts.gstatic.com/s/rubik/v30/iJWZBXyIfDnIV5PNhY1KTN7Z-Yh-h4-1UA.ttf]
[fonts.googleapis.com/css2fd11.css]
[html.awaikenthemes.com/fitwell/css/bootstrap.min.css]
[html.awaikenthemes.com/fitwell/css/slicknav.min.css]
[html.awaikenthemes.com/fitwell/css/swiper-bundle.min.css]
[fonts.gstatic.com/s/rubik/v30/iJWZBXyIfDnIV5PNhY1KTN7Z-Yh-ro-1UA.ttf]
[html.awaikenthemes.com/fitwell/webfonts/fa-brands-400.woff2]
[html.awaikenthemes.com/fitwell/webfonts/fa-regular-400.woff2]
[html.awaikenthemes.com/fitwell/webfonts/fa-brands-400.ttf]
[html.awaikenthemes.com/fitwell/webfonts/fa-regular-400.ttf]
[html.awaikenthemes.com/fitwell/webfonts/fa-solid-900.woff2]
[html.awaikenthemes.com/fitwell/webfonts/fa-solid-900.ttf]
[html.awaikenthemes.com/fitwell/webfonts/fa-v4compatibility.woff2]
[html.awaikenthemes.com/fitwell/css/all.min.css]
[html.awaikenthemes.com/fitwell/css/animate.css]
[html.awaikenthemes.com/fitwell/css/magnific-popup.css]
[html.awaikenthemes.com/fitwell/css/mousecursor.css]
[html.awaikenthemes.com/fitwell/webfonts/fa-v4compatibility.ttf]
[html.awaikenthemes.com/fitwell/images/arrow-accent.svg]
[html.awaikenthemes.com/fitwell/images/icon-sub-heading.svg]
[html.awaikenthemes.com/fitwell/images/hero-bg-shape.png]
[html.awaikenthemes.com/fitwell/images/section-bg-circle-shape.png]
[html.awaikenthemes.com/fitwell/images/hero-bg.jpg]
[html.awaikenthemes.com/fitwell/images/faqs-image-bg.svg]
[html.awaikenthemes.com/fitwell/images/testimonials-bg.png]
[html.awaikenthemes.com/fitwell/images/cta-box-bg.jpg]
[html.awaikenthemes.com/fitwell/images/arrow-text.svg]
[html.awaikenthemes.com/fitwell/images/sidebar-bg-image.jpg]
[html.awaikenthemes.com/fitwell/css/custom.css]
[html.awaikenthemes.com/fitwell/images/loader.svg]
[html.awaikenthemes.com/fitwell/index-2.html]
[html.awaikenthemes.com/fitwell/images/logo.svg]
[html.awaikenthemes.com/fitwell/index-image.html]
[html.awaikenthemes.com/fitwell/index-video.html]
[html.awaikenthemes.com/fitwell/images/icon-blockquote.svg]
[html.awaikenthemes.com/fitwell/images/hero-bg-2.jpg]
[html.awaikenthemes.com/fitwell/index-slider.html]
[html.awaikenthemes.com/fitwell/images/approach-image.jpg]
[html.awaikenthemes.com/fitwell/images/icon-vision.svg]
[html.awaikenthemes.com/fitwell/images/icon-mission.svg]
[html.awaikenthemes.com/fitwell/images/icon-goal-1.svg]
[html.awaikenthemes.com/fitwell/images/icon-goal-2.svg]
[html.awaikenthemes.com/fitwell/images/goal-image.png]
[html.awaikenthemes.com/fitwell/images/icon-goal-info.svg]
[html.awaikenthemes.com/fitwell/images/health-img-1.jpg]
[html.awaikenthemes.com/fitwell/images/health-img-2.jpg]
[html.awaikenthemes.com/fitwell/images/icon-journey-1.svg]
[html.awaikenthemes.com/fitwell/images/icon-journey-2.svg]
[html.awaikenthemes.com/fitwell/images/journey-image.png]
[html.awaikenthemes.com/fitwell/images/icon-journey-3.svg]
[html.awaikenthemes.com/fitwell/about.html]
[html.awaikenthemes.com/fitwell/images/icon-journey-4.svg]
[html.awaikenthemes.com/fitwell/images/service-5.jpg]
[html.awaikenthemes.com/fitwell/services.html]
[html.awaikenthemes.com/fitwell/images/service-6.jpg]
[html.awaikenthemes.com/fitwell/images/post-5.jpg]
[html.awaikenthemes.com/fitwell/images/post-6.jpg]
[html.awaikenthemes.com/fitwell/blog.html]
[html.awaikenthemes.com/fitwell/images/sidebar-cta-logo.svg]
[html.awaikenthemes.com/fitwell/images/service-counter-image-1.jpg]
[html.awaikenthemes.com/fitwell/images/service-counter-image-2.jpg]
[html.awaikenthemes.com/fitwell/images/service-entry-video-image.jpg]
[html.awaikenthemes.com/fitwell/service-single.html]
[html.awaikenthemes.com/fitwell/blog-single.html]
[html.awaikenthemes.com/fitwell/images/project-1.jpg]
[html.awaikenthemes.com/fitwell/images/project-2.jpg]
[html.awaikenthemes.com/fitwell/images/project-3.jpg]
[html.awaikenthemes.com/fitwell/images/project-4.jpg]
[html.awaikenthemes.com/fitwell/images/project-5.jpg]
[html.awaikenthemes.com/fitwell/images/project-6.jpg]
[html.awaikenthemes.com/fitwell/images/project-7.jpg]
[html.awaikenthemes.com/fitwell/images/project-8.jpg]
[html.awaikenthemes.com/fitwell/images/project-9.jpg]
[html.awaikenthemes.com/fitwell/projects.html]
[html.awaikenthemes.com/fitwell/images/icon-project-challenge-1.svg]
[html.awaikenthemes.com/fitwell/images/icon-project-challenge-2.svg]
[html.awaikenthemes.com/fitwell/project-single.html]
[html.awaikenthemes.com/fitwell/images/icon-project-challenge-3.svg]
[html.awaikenthemes.com/fitwell/images/team-5.jpg]
[html.awaikenthemes.com/fitwell/images/team-6.jpg]
[html.awaikenthemes.com/fitwell/images/team-7.jpg]
[html.awaikenthemes.com/fitwell/images/team-8.jpg]
[html.awaikenthemes.com/fitwell/team.html]
[html.awaikenthemes.com/fitwell/team-single.html]
[html.awaikenthemes.com/fitwell/pricing.html]
[html.awaikenthemes.com/fitwell/images/testimonials-quotes-img.svg]
[html.awaikenthemes.com/fitwell/images/author-3.jpg]
[html.awaikenthemes.com/fitwell/images/author-4.jpg]
[html.awaikenthemes.com/fitwell/images/author-5.jpg]
[html.awaikenthemes.com/fitwell/images/author-6.jpg]
[html.awaikenthemes.com/fitwell/testimonials.html]
[html.awaikenthemes.com/fitwell/images/gallery-1.jpg]
[html.awaikenthemes.com/fitwell/images/gallery-2.jpg]
[html.awaikenthemes.com/fitwell/images/gallery-3.jpg]
[html.awaikenthemes.com/fitwell/images/gallery-4.jpg]
[html.awaikenthemes.com/fitwell/images/gallery-5.jpg]
[html.awaikenthemes.com/fitwell/images/gallery-6.jpg]
[html.awaikenthemes.com/fitwell/images/gallery-7.jpg]
[html.awaikenthemes.com/fitwell/images/gallery-8.jpg]
[html.awaikenthemes.com/fitwell/images/gallery-9.jpg]
[html.awaikenthemes.com/fitwell/image-gallery.html]
[html.awaikenthemes.com/fitwell/video-gallery.html]
[html.awaikenthemes.com/fitwell/faqs.html]
[html.awaikenthemes.com/fitwell/images/404-error-img.png]
[html.awaikenthemes.com/fitwell/404.html]
[html.awaikenthemes.com/fitwell/images/contact-us-image.jpg]
[html.awaikenthemes.com/fitwell/images/icon-phone-white.svg]
[html.awaikenthemes.com/fitwell/images/icon-clock.svg]
[html.awaikenthemes.com/fitwell/contact.html]
[html.awaikenthemes.com/fitwell/images/expertise-circle.svg]
[html.awaikenthemes.com/fitwell/images/star-icon.svg]
[html.awaikenthemes.com/fitwell/images/contact-us-circle.svg]
[html.awaikenthemes.com/fitwell/images/icon-pricing-benefit-1.svg]
[html.awaikenthemes.com/fitwell/images/icon-pricing-benefit-2.svg]
[html.awaikenthemes.com/fitwell/images/icon-pricing-benefit-3.svg]
[html.awaikenthemes.com/fitwell/images/arrow-black.svg]
[html.awaikenthemes.com/fitwell/images/icon-phone.svg]
[html.awaikenthemes.com/fitwell/images/icon-mail.svg]
[html.awaikenthemes.com/fitwell/images/arrow-accent.svg]
[html.awaikenthemes.com/fitwell/images/icon-sub-heading.svg]
[html.awaikenthemes.com/fitwell/images/faqs-image-bg.svg]
[html.awaikenthemes.com/fitwell/images/arrow-text.svg]
[html.awaikenthemes.com/fitwell/images/icon-blockquote.svg]
[html.awaikenthemes.com/fitwell/images/icon-vision.svg]
[html.awaikenthemes.com/fitwell/images/icon-mission.svg]
[html.awaikenthemes.com/fitwell/images/icon-goal-1.svg]
[html.awaikenthemes.com/fitwell/images/icon-goal-2.svg]
[html.awaikenthemes.com/fitwell/images/icon-goal-info.svg]
[html.awaikenthemes.com/fitwell/images/icon-journey-1.svg]
[html.awaikenthemes.com/fitwell/images/icon-journey-2.svg]
[html.awaikenthemes.com/fitwell/images/icon-journey-3.svg]
[html.awaikenthemes.com/fitwell/images/icon-journey-4.svg]
[html.awaikenthemes.com/fitwell/images/sidebar-cta-logo.svg]
[html.awaikenthemes.com/fitwell/images/icon-project-challenge-1.svg]
[html.awaikenthemes.com/fitwell/images/icon-project-challenge-2.svg]
[html.awaikenthemes.com/fitwell/images/icon-project-challenge-3.svg]
[html.awaikenthemes.com/fitwell/images/testimonials-quotes-img.svg]
[html.awaikenthemes.com/fitwell/images/icon-phone-white.svg]
[html.awaikenthemes.com/fitwell/images/icon-clock.svg]
[html.awaikenthemes.com/fitwell/images/icon-location.svg]
[html.awaikenthemes.com/fitwell/images/icon-location.svg]
